// Jest Snapshot v1, https://goo.gl/fbAQLP

exports[`Pruebas en <FirstApp2/> it must make mach with the snapshot 1`] = `
<div>
  <h1
    data-testid="test-title"
  >
    Hola, soy Pelufo
  </h1>
  <p>
    Roc√≠o Fernandez
  </p>
  <p>
    No hay subtitulos
  </p>
  <p>
    No hay subtitulos
  </p>
</div>
`;
